Starting project at D:\alvin\family-frontend\family-app
Starting Metro Bundler

warning: Bundler cache is empty, rebuilding (this may take a minute)
Failed to construct transformer:  Error: Cannot find module 'babel-preset-expo'
Require stack:
- D:\alvin\family-frontend\family-app\node_modules\@babel\core\lib\config\files\plugins.js
- D:\alvin\family-frontend\family-app\node_modules\@babel\core\lib\config\files\index.js
- D:\alvin\family-frontend\family-app\node_modules\@babel\core\lib\index.js
- D:\alvin\family-frontend\family-app\node_modules\expo\node_modules\@expo\metro-config\build\serializer\treeShakeSerializerPlugin.js
- D:\alvin\family-frontend\family-app\node_modules\expo\node_modules\@expo\metro-config\build\serializer\withExpoSerializers.js
- D:\alvin\family-frontend\family-app\node_modules\expo\node_modules\@expo\metro-config\build\ExpoMetroConfig.js
- D:\alvin\family-frontend\family-app\node_modules\expo\node_modules\@expo\metro-config\build\config\loadUserConfig.js
- D:\alvin\family-frontend\family-app\node_modules\expo\node_modules\@expo\metro-config\build\index.js
- D:\alvin\family-frontend\family-app\node_modules\expo\node_modules\@expo\cli\build\src\start\server\metro\instantiateMetro.js
- D:\alvin\family-frontend\family-app\node_modules\expo\node_modules\@expo\cli\build\src\start\server\metro\MetroBundlerDevServer.js
- D:\alvin\family-frontend\family-app\node_modules\expo\node_modules\@expo\cli\build\src\start\server\DevServerManager.js
- D:\alvin\family-frontend\family-app\node_modules\expo\node_modules\@expo\cli\build\src\start\startAsync.js
- D:\alvin\family-frontend\family-app\node_modules\expo\node_modules\@expo\cli\build\src\start\index.js
- D:\alvin\family-frontend\family-app\node_modules\expo\node_modules\@expo\cli\build\bin\cli
- D:\alvin\family-frontend\family-app\node_modules\expo\bin\cli

Make sure that all the Babel plugins and presets you are using
are defined as dependencies or devDependencies in your package.json
file. It's possible that the missing plugin is loaded by a preset
you are using that forgot to add the plugin to its dependencies: you
can workaround this problem by explicitly adding the missing package
to your top-level package.json.

    at Function._resolveFilename (node:internal/modules/cjs/loader:1383:15)
    at resolve (node:internal/modules/helpers:157:19)
    at tryRequireResolve (D:\alvin\family-frontend\family-app\node_modules\@babel\core\lib\config\files\plugins.js:128:11)
    at resolveStandardizedNameForRequire (D:\alvin\family-frontend\family-app\node_modules\@babel\core\lib\config\files\plugins.js:162:19)
    at resolveStandardizedName (D:\alvin\family-frontend\family-app\node_modules\@babel\core\lib\config\files\plugins.js:183:12)
    at loadPreset (D:\alvin\family-frontend\family-app\node_modules\@babel\core\lib\config\files\plugins.js:68:7)
    at loadPreset.next (<anonymous>)
    at createDescriptor (D:\alvin\family-frontend\family-app\node_modules\@babel\core\lib\config\config-descriptors.js:140:16)
    at createDescriptor.next (<anonymous>)
    at evaluateSync (D:\alvin\family-frontend\family-app\node_modules\gensync\index.js:251:28)
    at D:\alvin\family-frontend\family-app\node_modules\gensync\index.js:31:34
    at Array.map (<anonymous>)
    at Function.sync (D:\alvin\family-frontend\family-app\node_modules\gensync\index.js:31:22)
    at Function.all (D:\alvin\family-frontend\family-app\node_modules\gensync\index.js:210:24)
    at Generator.next (<anonymous>)
    at createDescriptors (D:\alvin\family-frontend\family-app\node_modules\@babel\core\lib\config\config-descriptors.js:102:41)
    at createDescriptors.next (<anonymous>)
    at createPresetDescriptors (D:\alvin\family-frontend\family-app\node_modules\@babel\core\lib\config\config-descriptors.js:96:17)
    at createPresetDescriptors.next (<anonymous>)
    at D:\alvin\family-frontend\family-app\node_modules\@babel\core\lib\gensync-utils\functional.js:22:27
    at Generator.next (<anonymous>)
    at mergeChainOpts (D:\alvin\family-frontend\family-app\node_modules\@babel\core\lib\config\config-chain.js:350:34)
    at mergeChainOpts.next (<anonymous>)
    at chainWalker (D:\alvin\family-frontend\family-app\node_modules\@babel\core\lib\config\config-chain.js:316:14)
    at chainWalker.next (<anonymous>)
    at loadFileChain (D:\alvin\family-frontend\family-app\node_modules\@babel\core\lib\config\config-chain.js:191:24)
    at loadFileChain.next (<anonymous>)
    at mergeExtendsChain (D:\alvin\family-frontend\family-app\node_modules\@babel\core\lib\config\config-chain.js:328:28)
    at mergeExtendsChain.next (<anonymous>)
    at chainWalker (D:\alvin\family-frontend\family-app\node_modules\@babel\core\lib\config\config-chain.js:312:20)
    at chainWalker.next (<anonymous>)
    at buildRootChain (D:\alvin\family-frontend\family-app\node_modules\@babel\core\lib\config\config-chain.js:56:36)
    at buildRootChain.next (<anonymous>)
    at loadPrivatePartialConfig (D:\alvin\family-frontend\family-app\node_modules\@babel\core\lib\config\partial.js:72:62)
    at loadPrivatePartialConfig.next (<anonymous>)
    at loadPartialConfig (D:\alvin\family-frontend\family-app\node_modules\@babel\core\lib\config\partial.js:115:25)
    at loadPartialConfig.next (<anonymous>)
    at evaluateSync (D:\alvin\family-frontend\family-app\node_modules\gensync\index.js:251:28)
    at sync (D:\alvin\family-frontend\family-app\node_modules\gensync\index.js:89:14)
    at stopHiding - secret - don't use this - v1 (D:\alvin\family-frontend\family-app\node_modules\@babel\core\lib\errors\rewrite-stack-trace.js:47:12)
    at loadPartialConfigSync (D:\alvin\family-frontend\family-app\node_modules\@babel\core\lib\config\index.js:37:84)
    at Object.getCacheKey (D:\alvin\family-frontend\family-app\node_modules\expo\node_modules\@expo\metro-config\build\babel-transformer.js:190:66)
    at Object.getCacheKey (D:\alvin\family-frontend\family-app\node_modules\expo\node_modules\@expo\metro-config\build\transform-worker\metro-transform-worker.js:643:28)
    at getTransformCacheKey (D:\alvin\family-frontend\family-app\node_modules\metro\src\DeltaBundler\getTransformCacheKey.js:17:19)
    at new Transformer (D:\alvin\family-frontend\family-app\node_modules\metro\src\DeltaBundler\Transformer.js:40:43)
    at D:\alvin\family-frontend\family-app\node_modules\metro\src\Bundler.js:25:29
    at async Bundler.ready (D:\alvin\family-frontend\family-app\node_modules\metro\src\Bundler.js:62:5)
    at async IncrementalBundler.ready (D:\alvin\family-frontend\family-app\node_modules\metro\src\IncrementalBundler.js:310:5)
    at async Server.ready (D:\alvin\family-frontend\family-app\node_modules\metro\src\Server.js:1446:5)
    at async runMetro (D:\alvin\family-frontend\family-app\node_modules\metro\src\index.flow.js:142:5) {
  code: 'MODULE_NOT_FOUND',
  requireStack: [
    'D:\\alvin\\family-frontend\\family-app\\node_modules\\@babel\\core\\lib\\config\\files\\plugins.js',
    'D:\\alvin\\family-frontend\\family-app\\node_modules\\@babel\\core\\lib\\config\\files\\index.js',
    'D:\\alvin\\family-frontend\\family-app\\node_modules\\@babel\\core\\lib\\index.js',
    'D:\\alvin\\family-frontend\\family-app\\node_modules\\expo\\node_modules\\@expo\\metro-config\\build\\serializer\\treeShakeSerializerPlugin.js',
    'D:\\alvin\\family-frontend\\family-app\\node_modules\\expo\\node_modules\\@expo\\metro-config\\build\\serializer\\withExpoSerializers.js',
    'D:\\alvin\\family-frontend\\family-app\\node_modules\\expo\\node_modules\\@expo\\metro-config\\build\\ExpoMetroConfig.js',
    'D:\\alvin\\family-frontend\\family-app\\node_modules\\expo\\node_modules\\@expo\\metro-config\\build\\config\\loadUserConfig.js',
    'D:\\alvin\\family-frontend\\family-app\\node_modules\\expo\\node_modules\\@expo\\metro-config\\build\\index.js',
    'D:\\alvin\\family-frontend\\family-app\\node_modules\\expo\\node_modules\\@expo\\cli\\build\\src\\start\\server\\metro\\instantiateMetro.js',
    'D:\\alvin\\family-frontend\\family-app\\node_modules\\expo\\node_modules\\@expo\\cli\\build\\src\\start\\server\\metro\\MetroBundlerDevServer.js',
    'D:\\alvin\\family-frontend\\family-app\\node_modules\\expo\\node_modules\\@expo\\cli\\build\\src\\start\\server\\DevServerManager.js',
    'D:\\alvin\\family-frontend\\family-app\\node_modules\\expo\\node_modules\\@expo\\cli\\build\\src\\start\\startAsync.js',
    'D:\\alvin\\family-frontend\\family-app\\node_modules\\expo\\node_modules\\@expo\\cli\\build\\src\\start\\index.js',
    'D:\\alvin\\family-frontend\\family-app\\node_modules\\expo\\node_modules\\@expo\\cli\\build\\bin\\cli',
    'D:\\alvin\\family-frontend\\family-app\\node_modules\\expo\\bin\\cli'
  ]
}
Waiting on http://localhost:8081

Logs for your project will appear below.
Android Bundling failed 47ms index.ts (1 module)
 ERROR  TypeError: Cannot read properties of undefined (reading 'transformFile')
    at Bundler.transformFile (D:\alvin\family-frontend\family-app\node_modules\metro\src\Bundler.js:55:30)
    at process.processTicksAndRejections (node:internal/process/task_queues:105:5)
    at async bundler.transformFile (D:\alvin\family-frontend\family-app\node_modules\expo\node_modules\@expo\metro-config\build\serializer\packedMap.js:172:41)
    at async Object.transform (D:\alvin\family-frontend\family-app\node_modules\metro\src\lib\transformHelpers.js:139:12)
    at async transform (D:\alvin\family-frontend\family-app\node_modules\metro\src\DeltaBundler\Graph.js:176:26)
    at async visit (D:\alvin\family-frontend\family-app\node_modules\metro\src\DeltaBundler\buildSubgraph.js:80:29)
    at async Promise.all (index 0)
    at async buildSubgraph (D:\alvin\family-frontend\family-app\node_modules\metro\src\DeltaBundler\buildSubgraph.js:105:3)
    at async Graph._buildDelta (D:\alvin\family-frontend\family-app\node_modules\metro\src\DeltaBundler\Graph.js:163:22)
    at async Graph.initialTraverseDependencies (D:\alvin\family-frontend\family-app\node_modules\metro\src\DeltaBundler\Graph.js:146:19)
    at async DeltaCalculator._getChangedDependencies (D:\alvin\family-frontend\family-app\node_modules\metro\src\DeltaBundler\DeltaCalculator.js:164:25)
    at async DeltaCalculator.getDelta (D:\alvin\family-frontend\family-app\node_modules\metro\src\DeltaBundler\DeltaCalculator.js:74:16)
    at async DeltaBundler.buildGraph (D:\alvin\family-frontend\family-app\node_modules\metro\src\DeltaBundler.js:42:5)
    at async IncrementalBundler.buildGraphForEntries (D:\alvin\family-frontend\family-app\node_modules\metro\src\IncrementalBundler.js:94:19)
    at async IncrementalBundler.buildGraph (D:\alvin\family-frontend\family-app\node_modules\metro\src\IncrementalBundler.js:178:19)
    at async D:\alvin\family-frontend\family-app\node_modules\metro\src\IncrementalBundler.js:216:34
    at async IncrementalBundler.initializeGraph (D:\alvin\family-frontend\family-app\node_modules\metro\src\IncrementalBundler.js:233:24)
    at async build (D:\alvin\family-frontend\family-app\node_modules\metro\src\Server.js:878:35)
    at async Server.requestProcessor [as _processBundleRequest] (D:\alvin\family-frontend\family-app\node_modules\metro\src\Server.js:760:18)
    at async Server._processRequest (D:\alvin\family-frontend\family-app\node_modules\metro\src\Server.js:518:7)
